
   PASS  Tests\Unit\ExampleTest
  Γ£ô that trueΓÇª 0.01s  

   FAIL  Tests\Feature\AuthTest
  Γ¿» user canΓÇª  2.31s  
  Γ¿» user canΓÇª  0.16s  
  Γ£ô user canΓÇª  0.10s  

   PASS  Tests\Feature\ExampleTest
  Γ£ô the appliΓÇª 0.04s  

   FAIL  Tests\Feature\MembershipApplicationTest
  Γ¿» registratΓÇª 0.08s  
  Γ¿» full applΓÇª 0.12s  
  ΓöÇΓöÇΓöÇΓöÇΓöÇΓöÇΓöÇΓöÇΓöÇΓöÇΓöÇΓöÇΓöÇΓöÇΓöÇΓöÇΓöÇΓöÇ  
   FAILED  Tests\FΓÇª   
  Expected response status code [201] but received 200.
Failed asserting that 200 is identical to 201.

  at tests\Feature\AuthTest.php:31
     27Γûò             'password' => 'password',
     28Γûò             'password_confirmation' => 'password',
     29Γûò         ]);
     30Γûò 
  Γ₧£  31Γûò         $response->assertStatus(201)
     32Γûò             ->assertJsonStructure([
     33Γûò                 'success',
     34Γûò                 'data' => [
     35Γûò                     'user' => ['id', 'name', 'email'],

  ΓöÇΓöÇΓöÇΓöÇΓöÇΓöÇΓöÇΓöÇΓöÇΓöÇΓöÇΓöÇΓöÇΓöÇΓöÇΓöÇΓöÇΓöÇ  
   FAILED  Tests\FΓÇª   
  Expected response status code [200] but received 500.
Failed asserting that 500 is identical to 200.

The following exception occurred during the last request:

ErrorException: Attempt to read property "id" on null in C:\Users\USER\Desktop\projects\Executive Cricket Club\app\Http\Controllers\Api\V1\AuthController.php:68
Stack trace:
#0 C:\Users\USER\Desktop\projects\Executive Cricket Club\vendor\laravel\framework\src\Illuminate\Foundation\Bootstrap\HandleExceptions.php(258): Illuminate\Foundation\Bootstrap\HandleExceptions->handleError(2, 'Attempt to read...', 'C:\\Users\\USER\\D...', 68)
#1 C:\Users\USER\Desktop\projects\Executive Cricket Club\app\Http\Controllers\Api\V1\AuthController.php(68): Illuminate\Foundation\Bootstrap\HandleExceptions->Illuminate\Foundation\Bootstrap\{closure}(2, 'Attempt to read...', 'C:\\Users\\USER\\D...', 68)
#2 C:\Users\USER\Desktop\projects\Executive Cricket Club\vendor\laravel\framework\src\Illuminate\Routing\ControllerDispatcher.php(47): App\Http\Controllers\Api\V1\AuthController->login(Object(Illuminate\Http\Request))
#3 C:\Users\USER\Desktop\projects\Executive Cricket Club\vendor\laravel\framework\src\Illuminate\Routing\Route.php(266): Illuminate\Routing\ControllerDispatcher->dispatch(Object(Illuminate\Routing\Route), Object(App\Http\Controllers\Api\V1\AuthController), 'login')
#4 C:\Users\USER\Desktop\projects\Executive Cricket Club\vendor\laravel\framework\src\Illuminate\Routing\Route.php(212): Illuminate\Routing\Route->runController()
#5 C:\Users\USER\Desktop\projects\Executive Cricket Club\vendor\laravel\framework\src\Illuminate\Routing\Router.php(808): Illuminate\Routing\Route->run()
#6 C:\Users\USER\Desktop\projects\Executive Cricket Club\vendor\laravel\framework\src\Illuminate\Pipeline\Pipeline.php(170): Illuminate\Routing\Router->Illuminate\Routing\{closure}(Object(Illuminate\Http\Request))
#7 C:\Users\USER\Desktop\projects\Executive Cricket Club\vendor\laravel\framework\src\Illuminate\Routing\Middleware\SubstituteBindings.php(51): Illuminate\Pipeline\Pipeline->Illuminate\Pipeline\{closure}(Object(Illuminate\Http\Request))
#8 C:\Users\USER\Desktop\projects\Executive Cricket Club\vendor\laravel\framework\src\Illuminate\Pipeline\Pipeline.php(209): Illuminate\Routing\Middleware\SubstituteBindings->handle(Object(Illuminate\Http\Request), Object(Closure))
#9 C:\Users\USER\Desktop\projects\Executive Cricket Club\vendor\laravel\framework\src\Illuminate\Pipeline\Pipeline.php(127): Illuminate\Pipeline\Pipeline->Illuminate\Pipeline\{closure}(Object(Illuminate\Http\Request))
#10 C:\Users\USER\Desktop\projects\Executive Cricket Club\vendor\laravel\framework\src\Illuminate\Routing\Router.php(807): Illuminate\Pipeline\Pipeline->then(Object(Closure))
#11 C:\Users\USER\Desktop\projects\Executive Cricket Club\vendor\laravel\framework\src\Illuminate\Routing\Router.php(786): Illuminate\Routing\Router->runRouteWithinStack(Object(Illuminate\Routing\Route), Object(Illuminate\Http\Request))
#12 C:\Users\USER\Desktop\projects\Executive Cricket Club\vendor\laravel\framework\src\Illuminate\Routing\Router.php(750): Illuminate\Routing\Router->runRoute(Object(Illuminate\Http\Request), Object(Illuminate\Routing\Route))
#13 C:\Users\USER\Desktop\projects\Executive Cricket Club\vendor\laravel\framework\src\Illuminate\Routing\Router.php(739): Illuminate\Routing\Router->dispatchToRoute(Object(Illuminate\Http\Request))
#14 C:\Users\USER\Desktop\projects\Executive Cricket Club\vendor\laravel\framework\src\Illuminate\Foundation\Http\Kernel.php(201): Illuminate\Routing\Router->dispatch(Object(Illuminate\Http\Request))
#15 C:\Users\USER\Desktop\projects\Executive Cricket Club\vendor\laravel\framework\src\Illuminate\Pipeline\Pipeline.php(170): Illuminate\Foundation\Http\Kernel->Illuminate\Foundation\Http\{closure}(Object(Illuminate\Http\Request))
#16 C:\Users\USER\Desktop\projects\Executive Cricket Club\vendor\laravel\framework\src\Illuminate\Foundation\Http\Middleware\TransformsRequest.php(21): Illuminate\Pipeline\Pipeline->Illuminate\Pipeline\{closure}(Object(Illuminate\Http\Request))
#17 C:\Users\USER\Desktop\projects\Executive Cricket Club\vendor\laravel\framework\src\Illuminate\Foundation\Http\Middleware\ConvertEmptyStringsToNull.php(31): Illuminate\Foundation\Http\Middleware\TransformsRequest->handle(Object(Illuminate\Http\Request), Object(Closure))
#18 C:\Users\USER\Desktop\projects\Executive Cricket Club\vendor\laravel\framework\src\Illuminate\Pipeline\Pipeline.php(209): Illuminate\Foundation\Http\Middleware\ConvertEmptyStringsToNull->handle(Object(Illuminate\Http\Request), Object(Closure))
#19 C:\Users\USER\Desktop\projects\Executive Cricket Club\vendor\laravel\framework\src\Illuminate\Foundation\Http\Middleware\TransformsRequest.php(21): Illuminate\Pipeline\Pipeline->Illuminate\Pipeline\{closure}(Object(Illuminate\Http\Request))
#20 C:\Users\USER\Desktop\projects\Executive Cricket Club\vendor\laravel\framework\src\Illuminate\Foundation\Http\Middleware\TrimStrings.php(51): Illuminate\Foundation\Http\Middleware\TransformsRequest->handle(Object(Illuminate\Http\Request), Object(Closure))
#21 C:\Users\USER\Desktop\projects\Executive Cricket Club\vendor\laravel\framework\src\Illuminate\Pipeline\Pipeline.php(209): Illuminate\Foundation\Http\Middleware\TrimStrings->handle(Object(Illuminate\Http\Request), Object(Closure))
#22 C:\Users\USER\Desktop\projects\Executive Cricket Club\vendor\laravel\framework\src\Illuminate\Http\Middleware\ValidatePostSize.php(27): Illuminate\Pipeline\Pipeline->Illuminate\Pipeline\{closure}(Object(Illuminate\Http\Request))
#23 C:\Users\USER\Desktop\projects\Executive Cricket Club\vendor\laravel\framework\src\Illuminate\Pipeline\Pipeline.php(209): Illuminate\Http\Middleware\ValidatePostSize->handle(Object(Illuminate\Http\Request), Object(Closure))
#24 C:\Users\USER\Desktop\projects\Executive Cricket Club\vendor\laravel\framework\src\Illuminate\Foundation\Http\Middleware\PreventRequestsDuringMaintenance.php(110): Illuminate\Pipeline\Pipeline->Illuminate\Pipeline\{closure}(Object(Illuminate\Http\Request))
#25 C:\Users\USER\Desktop\projects\Executive Cricket Club\vendor\laravel\framework\src\Illuminate\Pipeline\Pipeline.php(209): Illuminate\Foundation\Http\Middleware\PreventRequestsDuringMaintenance->handle(Object(Illuminate\Http\Request), Object(Closure))
#26 C:\Users\USER\Desktop\projects\Executive Cricket Club\vendor\laravel\framework\src\Illuminate\Http\Middleware\HandleCors.php(62): Illuminate\Pipeline\Pipeline->Illuminate\Pipeline\{closure}(Object(Illuminate\Http\Request))
#27 C:\Users\USER\Desktop\projects\Executive Cricket Club\vendor\laravel\framework\src\Illuminate\Pipeline\Pipeline.php(209): Illuminate\Http\Middleware\HandleCors->handle(Object(Illuminate\Http\Request), Object(Closure))
#28 C:\Users\USER\Desktop\projects\Executive Cricket Club\vendor\laravel\framework\src\Illuminate\Http\Middleware\TrustProxies.php(58): Illuminate\Pipeline\Pipeline->Illuminate\Pipeline\{closure}(Object(Illuminate\Http\Request))
#29 C:\Users\USER\Desktop\projects\Executive Cricket Club\vendor\laravel\framework\src\Illuminate\Pipeline\Pipeline.php(209): Illuminate\Http\Middleware\TrustProxies->handle(Object(Illuminate\Http\Request), Object(Closure))
#30 C:\Users\USER\Desktop\projects\Executive Cricket Club\vendor\laravel\framework\src\Illuminate\Foundation\Http\Middleware\InvokeDeferredCallbacks.php(22): Illuminate\Pipeline\Pipeline->Illuminate\Pipeline\{closure}(Object(Illuminate\Http\Request))
#31 C:\Users\USER\Desktop\projects\Executive Cricket Club\vendor\laravel\framework\src\Illuminate\Pipeline\Pipeline.php(209): Illuminate\Foundation\Http\Middleware\InvokeDeferredCallbacks->handle(Object(Illuminate\Http\Request), Object(Closure))
#32 C:\Users\USER\Desktop\projects\Executive Cricket Club\vendor\laravel\framework\src\Illuminate\Pipeline\Pipeline.php(127): Illuminate\Pipeline\Pipeline->Illuminate\Pipeline\{closure}(Object(Illuminate\Http\Request))
#33 C:\Users\USER\Desktop\projects\Executive Cricket Club\vendor\laravel\framework\src\Illuminate\Foundation\Http\Kernel.php(176): Illuminate\Pipeline\Pipeline->then(Object(Closure))
#34 C:\Users\USER\Desktop\projects\Executive Cricket Club\vendor\laravel\framework\src\Illuminate\Foundation\Http\Kernel.php(145): Illuminate\Foundation\Http\Kernel->sendRequestThroughRouter(Object(Illuminate\Http\Request))
#35 C:\Users\USER\Desktop\projects\Executive Cricket Club\vendor\laravel\framework\src\Illuminate\Foundation\Testing\Concerns\MakesHttpRequests.php(607): Illuminate\Foundation\Http\Kernel->handle(Object(Illuminate\Http\Request))
#36 C:\Users\USER\Desktop\projects\Executive Cricket Club\vendor\laravel\framework\src\Illuminate\Foundation\Testing\Concerns\MakesHttpRequests.php(573): Illuminate\Foundation\Testing\TestCase->call('POST', '/api/v1/auth/lo...', Array, Array, Array, Array, '{"email":"login...')
#37 C:\Users\USER\Desktop\projects\Executive Cricket Club\vendor\laravel\framework\src\Illuminate\Foundation\Testing\Concerns\MakesHttpRequests.php(411): Illuminate\Foundation\Testing\TestCase->json('POST', '/api/v1/auth/lo...', Array, Array, 0)
#38 C:\Users\USER\Desktop\projects\Executive Cricket Club\tests\Feature\AuthTest.php(51): Illuminate\Foundation\Testing\TestCase->postJson('/api/v1/auth/lo...', Array)
#39 C:\Users\USER\Desktop\projects\Executive Cricket Club\vendor\phpunit\phpunit\src\Framework\TestCase.php(1548): Tests\Feature\AuthTest->test_user_can_login()
#40 C:\Users\USER\Desktop\projects\Executive Cricket Club\vendor\phpunit\phpunit\src\Framework\TestCase.php(686): PHPUnit\Framework\TestCase->runTest()
#41 C:\Users\USER\Desktop\projects\Executive Cricket Club\vendor\phpunit\phpunit\src\Framework\TestRunner.php(106): PHPUnit\Framework\TestCase->runBare()
#42 C:\Users\USER\Desktop\projects\Executive Cricket Club\vendor\phpunit\phpunit\src\Framework\TestCase.php(516): PHPUnit\Framework\TestRunner->run(Object(Tests\Feature\AuthTest))
#43 C:\Users\USER\Desktop\projects\Executive Cricket Club\vendor\phpunit\phpunit\src\Framework\TestSuite.php(374): PHPUnit\Framework\TestCase->run()
#44 C:\Users\USER\Desktop\projects\Executive Cricket Club\vendor\phpunit\phpunit\src\Framework\TestSuite.php(374): PHPUnit\Framework\TestSuite->run()
#45 C:\Users\USER\Desktop\projects\Executive Cricket Club\vendor\phpunit\phpunit\src\Framework\TestSuite.php(374): PHPUnit\Framework\TestSuite->run()
#46 C:\Users\USER\Desktop\projects\Executive Cricket Club\vendor\phpunit\phpunit\src\TextUI\TestRunner.php(64): PHPUnit\Framework\TestSuite->run()
#47 C:\Users\USER\Desktop\projects\Executive Cricket Club\vendor\phpunit\phpunit\src\TextUI\Application.php(204): PHPUnit\TextUI\TestRunner->run(Object(PHPUnit\TextUI\Configuration\Configuration), Object(PHPUnit\Runner\ResultCache\DefaultResultCache), Object(PHPUnit\Framework\TestSuite))
#48 C:\Users\USER\Desktop\projects\Executive Cricket Club\vendor\phpunit\phpunit\phpunit(104): PHPUnit\TextUI\Application->run(Array)
#49 {main}

----------------------------------------------------------------------------------

Attempt to read property "id" on null

  at tests\Feature\AuthTest.php:56
     52Γûò             'email' => 'login@example.com',
     53Γûò             'password' => 'password',
     54Γûò         ]);
     55Γûò 
  Γ₧£  56Γûò         $response->assertStatus(200)
     57Γûò             ->assertJsonStructure([
     58Γûò                 'success',
     59Γûò                 'data' => [
     60Γûò                     'access_token',

  ΓöÇΓöÇΓöÇΓöÇΓöÇΓöÇΓöÇΓöÇΓöÇΓöÇΓöÇΓöÇΓöÇΓöÇΓöÇΓöÇΓöÇΓöÇ  
   FAILED  Tests\FΓÇª   
  Expected response status code [201] but received 200.
Failed asserting that 200 is identical to 201.

  at tests\Feature\MembershipApplicationTest.php:32
     28Γûò             'password' => 'password',
     29Γûò             'password_confirmation' => 'password',
     30Γûò         ]);
     31Γûò 
  Γ₧£  32Γûò         $response->assertStatus(201)
     33Γûò             ->assertJsonStructure([
     34Γûò                 'success',
     35Γûò                 'data' => [
     36Γûò                     'user',

  ΓöÇΓöÇΓöÇΓöÇΓöÇΓöÇΓöÇΓöÇΓöÇΓöÇΓöÇΓöÇΓöÇΓöÇΓöÇΓöÇΓöÇΓöÇ  
   FAILED  Tests\FΓÇª   
  Expected response status code [400] but received 422.
Failed asserting that 422 is identical to 400.

The following errors occurred during the last request:

{
    "success": false,
    "message": "Validation Error",
    "data": null,
    "meta": null,
    "errors": {
        "cardholder_name": [
            "The cardholder name field is required when method is card."
        ],
        "last4": [
            "The last4 field is required when method is card."
        ]
    }
}

  at tests\Feature\MembershipApplicationTest.php:125
    121Γûò                 'amount' => 5000,
    122Γûò                 'card_number' => '424242424242', // Forbidden
    123Γûò             ]);
    124Γûò         
  Γ₧£ 125Γûò         $response->assertStatus(400);
    126Γûò 
    127Γûò         // 8. Submit
    128Γûò         $response = $this->withHeaders($headers)
    129Γûò             ->postJson("/api/v1/membership-applications/{$application->id}/submit");


  Tests:    4 failed, 3 passed (17 assertions)
  Duration: 3.12s

